Microchip MPLAB XC8 Compiler V1.34 ()

Linker command line:

--edf=C:\Program Files\Microchip\xc8\v1.34\dat\en_msgs.txt -cs \
  -h+dist/default/production\Bootloader_Pic18fxxkxx.production.sym \
  --cmf=dist/default/production\Bootloader_Pic18fxxkxx.production.cmf -z \
  -Q18F26K80 -oC:\Users\MICHA~1\AppData\Local\Temp\s6gg.6 \
  -Mdist/default/production/Bootloader_Pic18fxxkxx.production.map -E1 \
  -ver=XC8 -ASTACK=0A0h-0e40h -pstack=STACK -ACODE=00h-0FFFh \
  -ACONST=00h-0FFFh -ASMALLCONST=0F00h-0FFFh -AMEDIUMCONST=0F00h-0FFFh \
  -ACOMRAM=01h-05Fh -AABS1=00h-0E40h -ABIGRAM=01h-0E40h \
  -ARAM=060h-0FFh,0100h-01FFhx13,0E00h-0E40h -ABANK0=060h-0FFh \
  -ABANK1=0100h-01FFh -ABANK2=0200h-02FFh -ABANK3=0300h-03FFh \
  -ABANK4=0400h-04FFh -ABANK5=0500h-05FFh -ABANK6=0600h-06FFh \
  -ABANK7=0700h-07FFh -ABANK8=0800h-08FFh -ABANK9=0900h-09FFh \
  -ABANK10=0A00h-0AFFh -ABANK11=0B00h-0BFFh -ABANK12=0C00h-0CFFh \
  -ABANK13=0D00h-0DFFh -ABANK14=0E00h-0E40h \
  -ASFR=0E41h-0EFFh,0F00h-0F5Fh,0F60h-0FFFh \
  -preset_vec=00h,intcode,intcodelo,powerup,init,end_init -pramtop=0F00h \
  -psmallconst=SMALLCONST -pmediumconst=MEDIUMCONST -pconst=CONST \
  -AFARRAM=00h-00h -ACONFIG=0300000h-030000Dh -pconfig=CONFIG \
  -AIDLOC=0200000h-0200007h -pidloc=IDLOC -AEEDATA=0F00000h-0F003FFh \
  -peeprom_data=EEDATA \
  -prdata=COMRAM,nvrram=COMRAM,nvbit=COMRAM,rbss=COMRAM,rbit=COMRAM \
  -pfarbss=FARRAM,fardata=FARRAM,nvFARRAM=FARRAM \
  -pintsave_regs=BIGRAM,bigbss=BIGRAM,bigdata=BIGRAM -pbss=RAM \
  -pidata=CODE,irdata=CODE,ibigdata=CODE,ifardata=CODE -prparam=COMRAM \
  C:\Users\MICHA~1\AppData\Local\Temp\s6gg.obj \
  dist/default/production\Bootloader_Pic18fxxkxx.production.obj 

Object code version is 3.11

Machine type is 18F26K80

Call graph: (short form)




                Name                               Link     Load   Length Selector   Space Scale
C:\Users\MICHA~1\AppData\Local\Temp\s6gg.obj
                end_init                              4        4        4        0       0
                reset_vec                             0        0        4        0       0
                idloc                            200000   200000        8   200000       0
                config                           300000   300000        E   300000       0
dist/default/production\Bootloader_Pic18fxxkxx.production.obj
                smallconst                          F00      F00        E      780       0
                text8                               C48      C48       16      624       0
                text7                               CAA      CAA       36      655       0
                text6                               C7C      C7C       2E      63E       0
                text5                               C2C      C2C        C      616       0
                text4                               C38      C38       10      61C       0
                text3                               CE0      CE0       4C      670       0
                text2                               FA2      FA2       5E      787       0
                text1                               D2C      D2C      1D4      696       0
                text0                               F0E      F0E       94      787       0
                cstackCOMRAM                          1        1       27        1       1
                bssBANK0                             60       60       40       60       1
                bssCOMRAM                            28       28        4        1       1
                cinit                               C5E      C5E       1E      62F       0

TOTAL           Name                               Link     Load   Length     Space
        CLASS   STACK          

        CLASS   CODE           
                end_init                              4        4        4         0
                reset_vec                             0        0        4         0
                text8                               C48      C48       16         0
                text7                               CAA      CAA       36         0
                text6                               C7C      C7C       2E         0
                text5                               C2C      C2C        C         0
                text4                               C38      C38       10         0
                text3                               CE0      CE0       4C         0
                text2                               FA2      FA2       5E         0
                text1                               D2C      D2C      1D4         0
                text0                               F0E      F0E       94         0
                cinit                               C5E      C5E       1E         0

        CLASS   CONST          

        CLASS   SMALLCONST     
                smallconst                          F00      F00        E         0

        CLASS   MEDIUMCONST    

        CLASS   COMRAM         
                cstackCOMRAM                          1        1       27         1
                bssCOMRAM                            28       28        4         1

        CLASS   ABS1           

        CLASS   BIGRAM         

        CLASS   RAM            

        CLASS   BANK0          
                bssBANK0                             60       60       40         1

        CLASS   BANK1          

        CLASS   BANK2          

        CLASS   BANK3          

        CLASS   BANK4          

        CLASS   BANK5          

        CLASS   BANK6          

        CLASS   BANK7          

        CLASS   BANK8          

        CLASS   BANK9          

        CLASS   BANK10         

        CLASS   BANK11         

        CLASS   BANK12         

        CLASS   BANK13         

        CLASS   BANK14         

        CLASS   SFR            

        CLASS   FARRAM         

        CLASS   CONFIG         
                config                           300000   300000        E         0

        CLASS   IDLOC          
                idloc                            200000   200000        8         0

        CLASS   EEDATA         



SEGMENTS        Name                           Load    Length   Top    Selector   Space  Class

                reset_vec                      000000  000008  000008         0       0  CODE    
                cstackCOMRAM                   000001  00002B  00002C         1       1  COMRAM  
                bssBANK0                       000060  000040  0000A0        60       1  BANK0   
                text5                          000C2C  00000C  000C38       616       0  CODE    
                text4                          000C38  000010  000C48       61C       0  CODE    
                text8                          000C48  000016  000C5E       624       0  CODE    
                cinit                          000C5E  00001E  000C7C       62F       0  CODE    
                text6                          000C7C  00002E  000CAA       63E       0  CODE    
                text7                          000CAA  000036  000CE0       655       0  CODE    
                text3                          000CE0  00004C  000D2C       670       0  CODE    
                text1                          000D2C  0001D4  000F00       696       0  CODE    
                smallconst                     000F00  00000E  000F0E       780       0  SMALLCON
                text0                          000F0E  0000F2  001000       787       0  CODE    
                idloc                          200000  000008  200008    200000       0  IDLOC   
                config                         300000  00000E  30000E    300000       0  CONFIG  


UNUSED ADDRESS RANGES

        Name                Unused          Largest block    Delta
        BANK0            0000A0-0000FF               60
        BANK1            000100-0001FF              100
        BANK10           000A00-000AFF              100
        BANK11           000B00-000BFF              100
        BANK12           000C00-000CFF              100
        BANK13           000D00-000DFF              100
        BANK14           000E00-000E40               41
        BANK2            000200-0002FF              100
        BANK3            000300-0003FF              100
        BANK4            000400-0004FF              100
        BANK5            000500-0005FF              100
        BANK6            000600-0006FF              100
        BANK7            000700-0007FF              100
        BANK8            000800-0008FF              100
        BANK9            000900-0009FF              100
        BIGRAM           00002C-00005F               34
                         0000A0-000E40              DA1
        CODE             000008-000C2B              C24
        COMRAM           00002C-00005F               34
        CONST            000008-000C2B              C24
        EEDATA           F00000-F003FF              400
        RAM              0000A0-000E40              100
        SFR              000E41-000FFF               BF
        STACK            0000A0-000E40              DA1

                                  Symbol Table

UART_getchar@tout                  cstackCOMRAM 000003
UART_getchar@tout_val              cstackCOMRAM 000001
UART_putchar@outchar               cstackCOMRAM 000001
_BAUDCON1bits                      (abs)        000FA7
_EECON1                            (abs)        000F7F
_EECON1bits                        (abs)        000F7F
_EECON2                            (abs)        000F7E
_INTCONbits                        (abs)        000FF2
_LATBbits                          (abs)        000F8A
_OSCCONbits                        (abs)        000FD3
_OSCTUNEbits                       (abs)        000F9B
_PIR4bits                          (abs)        000FB7
_RCIF                              (abs)        007CF5
_RCON                              (abs)        000FD0
_RCREG1                            (abs)        000FAE
_RCSTAbits                         (abs)        000FAB
_SPBRG                             (abs)        000FAF
_TABLAT                            (abs)        000FF5
_TBLPTRH                           (abs)        000FF7
_TBLPTRL                           (abs)        000FF6
_TBLPTRU                           (abs)        000FF8
_TRISBbits                         (abs)        000F93
_TRISCbits                         (abs)        000F94
_TXREG1                            (abs)        000FAD
_TXSTA1bits                        (abs)        000FAC
_TXSTAbits                         (abs)        000FAC
_UART_getchar                      text7        000CAA
_UART_init                         text8        000C48
_UART_putchar                      text4        000C38
__CFG_BBSIZ$BB2K                   (abs)        000000
__CFG_BOREN$SBORDIS                (abs)        000000
__CFG_BORPWR$ZPBORMV               (abs)        000000
__CFG_BORV$1                       (abs)        000000
__CFG_CANMX$PORTB                  (abs)        000000
__CFG_CP0$OFF                      (abs)        000000
__CFG_CP1$OFF                      (abs)        000000
__CFG_CP2$OFF                      (abs)        000000
__CFG_CP3$OFF                      (abs)        000000
__CFG_CPB$OFF                      (abs)        000000
__CFG_CPD$OFF                      (abs)        000000
__CFG_EBTR0$OFF                    (abs)        000000
__CFG_EBTR1$OFF                    (abs)        000000
__CFG_EBTR2$OFF                    (abs)        000000
__CFG_EBTR3$OFF                    (abs)        000000
__CFG_EBTRB$OFF                    (abs)        000000
__CFG_FCMEN$ON                     (abs)        000000
__CFG_FOSC$INTIO2                  (abs)        000000
__CFG_IESO$OFF                     (abs)        000000
__CFG_INTOSCSEL$HIGH               (abs)        000000
__CFG_MCLRE$ON                     (abs)        000000
__CFG_MSSPMSK$MSK7                 (abs)        000000
__CFG_PLLCFG$ON                    (abs)        000000
__CFG_PWRTEN$OFF                   (abs)        000000
__CFG_RETEN$OFF                    (abs)        000000
__CFG_SOSCSEL$DIG                  (abs)        000000
__CFG_STVREN$ON                    (abs)        000000
__CFG_WDTEN$OFF                    (abs)        000000
__CFG_WDTPS$256                    (abs)        000000
__CFG_WRT0$OFF                     (abs)        000000
__CFG_WRT1$OFF                     (abs)        000000
__CFG_WRT2$OFF                     (abs)        000000
__CFG_WRT3$OFF                     (abs)        000000
__CFG_WRTB$OFF                     (abs)        000000
__CFG_WRTC$OFF                     (abs)        000000
__CFG_WRTD$OFF                     (abs)        000000
__CFG_XINST$OFF                    (abs)        000000
__HRAM                             (abs)        000000
__Habs1                            abs1         000000
__Hbank0                           bank0        000000
__Hbank1                           bank1        000000
__Hbank10                          bank10       000000
__Hbank11                          bank11       000000
__Hbank12                          bank12       000000
__Hbank13                          bank13       000000
__Hbank14                          bank14       000000
__Hbank2                           bank2        000000
__Hbank3                           bank3        000000
__Hbank4                           bank4        000000
__Hbank5                           bank5        000000
__Hbank6                           bank6        000000
__Hbank7                           bank7        000000
__Hbank8                           bank8        000000
__Hbank9                           bank9        000000
__Hbigbss                          bigbss       000000
__Hbigdata                         bigdata      000000
__Hbigram                          bigram       000000
__Hbss                             bss          000000
__HbssBANK0                        bssBANK0     000000
__HbssCOMRAM                       bssCOMRAM    000000
__Hcinit                           cinit        000000
__Hclrtext                         clrtext      000000
__Hcomram                          comram       000000
__Hconfig                          config       30000E
__Hconst                           const        000000
__HcstackCOMRAM                    cstackCOMRAM 000000
__Hdata                            data         000000
__Heeprom_data                     eeprom_data  000000
__Hend_init                        end_init     000008
__Hfarbss                          farbss       000000
__Hfardata                         fardata      000000
__Hibigdata                        ibigdata     000000
__Hidata                           idata        000000
__Hidloc                           idloc        200008
__Hifardata                        ifardata     000000
__Hinit                            init         000004
__Hintcode                         intcode      000004
__Hintcode_body                    intcode_body 000000
__Hintcodelo                       intcodelo    000004
__Hintentry                        intentry     000000
__Hintret                          intret       000000
__Hintsave_regs                    intsave_regs 000000
__Hirdata                          irdata       000000
__Hmediumconst                     mediumconst  000000
__HnvFARRAM                        nvFARRAM     000000
__Hnvbit                           nvbit        000000
__Hnvrram                          nvrram       000000
__Hparam                           rparam       000000
__Hpowerup                         powerup      000004
__Hram                             ram          000000
__Hramtop                          ramtop       000F00
__Hrbit                            rbit         000000
__Hrbss                            rbss         000000
__Hrdata                           rdata        000000
__Hreset_vec                       reset_vec    000004
__Hrparam                          rparam       000000
__Hsfr                             sfr          000000
__Hsmallconst                      smallconst   000F0E
__Hspace_0                         (abs)        30000E
__Hspace_1                         (abs)        0000A0
__Hspace_2                         (abs)        000000
__Hstack                           stack        000000
__Hstruct                          struct       000000
__Htemp                            temp         000000
__Htext                            text         000000
__Htext0                           text0        000000
__Htext1                           text1        000000
__Htext2                           text2        000000
__Htext3                           text3        000000
__Htext4                           text4        000000
__Htext5                           text5        000000
__Htext6                           text6        000000
__Htext7                           text7        000000
__Htext8                           text8        000000
__LRAM                             (abs)        000001
__Labs1                            abs1         000000
__Lbank0                           bank0        000000
__Lbank1                           bank1        000000
__Lbank10                          bank10       000000
__Lbank11                          bank11       000000
__Lbank12                          bank12       000000
__Lbank13                          bank13       000000
__Lbank14                          bank14       000000
__Lbank2                           bank2        000000
__Lbank3                           bank3        000000
__Lbank4                           bank4        000000
__Lbank5                           bank5        000000
__Lbank6                           bank6        000000
__Lbank7                           bank7        000000
__Lbank8                           bank8        000000
__Lbank9                           bank9        000000
__Lbigbss                          bigbss       000000
__Lbigdata                         bigdata      000000
__Lbigram                          bigram       000000
__Lbss                             bss          000000
__LbssBANK0                        bssBANK0     000000
__LbssCOMRAM                       bssCOMRAM    000000
__Lcinit                           cinit        000000
__Lclrtext                         clrtext      000000
__Lcomram                          comram       000000
__Lconfig                          config       300000
__Lconst                           const        000000
__LcstackCOMRAM                    cstackCOMRAM 000000
__Ldata                            data         000000
__Leeprom_data                     eeprom_data  000000
__Lend_init                        end_init     000004
__Lfarbss                          farbss       000000
__Lfardata                         fardata      000000
__Libigdata                        ibigdata     000000
__Lidata                           idata        000000
__Lidloc                           idloc        200000
__Lifardata                        ifardata     000000
__Linit                            init         000004
__Lintcode                         intcode      000004
__Lintcode_body                    intcode_body 000000
__Lintcodelo                       intcodelo    000004
__Lintentry                        intentry     000000
__Lintret                          intret       000000
__Lintsave_regs                    intsave_regs 000000
__Lirdata                          irdata       000000
__Lmediumconst                     mediumconst  000000
__LnvFARRAM                        nvFARRAM     000000
__Lnvbit                           nvbit        000000
__Lnvrram                          nvrram       000000
__Lparam                           rparam       000000
__Lpowerup                         powerup      000004
__Lram                             ram          000000
__Lramtop                          ramtop       000F00
__Lrbit                            rbit         000000
__Lrbss                            rbss         000000
__Lrdata                           rdata        000000
__Lreset_vec                       reset_vec    000000
__Lrparam                          rparam       000000
__Lsfr                             sfr          000000
__Lsmallconst                      smallconst   000F00
__Lspace_0                         (abs)        000000
__Lspace_1                         (abs)        000000
__Lspace_2                         (abs)        000000
__Lstack                           stack        000000
__Lstruct                          struct       000000
__Ltemp                            temp         000000
__Ltext                            text         000000
__Ltext0                           text0        000000
__Ltext1                           text1        000000
__Ltext2                           text2        000000
__Ltext3                           text3        000000
__Ltext4                           text4        000000
__Ltext5                           text5        000000
__Ltext6                           text6        000000
__Ltext7                           text7        000000
__Ltext8                           text8        000000
__S0                               (abs)        30000E
__S1                               (abs)        0000A0
__S2                               (abs)        000000
___inthi_sp                        stack        000000
___intlo_sp                        stack        000000
___param_bank                      (abs)        000010
___rparam_used                     (abs)        000001
___sp                              stack        000000
__accesstop                        (abs)        000060
__activetblptr                     (abs)        000002
__end_of_UART_getchar              text7        000CE0
__end_of_UART_init                 text8        000C5E
__end_of_UART_putchar              text4        000C48
__end_of__initialization           cinit        000C72
__end_of_bootloader_state_machine  text1        000F00
__end_of_erase_flash               text6        000CAA
__end_of_jump_to_app               text5        000C38
__end_of_main                      text0        000FA2
__end_of_send_string_uart          text3        000D2C
__end_of_write_flash               text2        001000
__initialization                   cinit        000C5E
__mediumconst                      mediumconst  000000
__pbssBANK0                        bssBANK0     000060
__pbssCOMRAM                       bssCOMRAM    000028
__pcinit                           cinit        000C5E
__pcstackCOMRAM                    cstackCOMRAM 000001
__psmallconst                      smallconst   000F00
__ptext0                           text0        000F0E
__ptext1                           text1        000D2C
__ptext2                           text2        000FA2
__ptext3                           text3        000CE0
__ptext4                           text4        000C38
__ptext5                           text5        000C2C
__ptext6                           text6        000C7C
__ptext7                           text7        000CAA
__ptext8                           text8        000C48
__ramtop                           ramtop       000F00
__size_of_UART_getchar             (abs)        000000
__size_of_UART_init                (abs)        000000
__size_of_UART_putchar             (abs)        000000
__size_of_bootloader_state_machine (abs)        000000
__size_of_erase_flash              (abs)        000000
__size_of_jump_to_app              (abs)        000000
__size_of_main                     (abs)        000000
__size_of_send_string_uart         (abs)        000000
__size_of_write_flash              (abs)        000000
__smallconst                       smallconst   000F00
_bootloader_state_machine          text1        000D2C
_erase_flash                       text6        000C7C
_gbuffer                           bssBANK0     000060
_jump_to_app                       text5        000C2C
_main                              text0        000F0E
_send_string_uart                  text3        000CE0
_timeout                           bssCOMRAM    000028
_write_flash                       text2        000FA2
bootloader_state_machine@address   cstackCOMRAM 000012
bootloader_state_machine@adr       cstackCOMRAM 000016
bootloader_state_machine@adr_778   cstackCOMRAM 00001A
bootloader_state_machine@crc       cstackCOMRAM 00001E
bootloader_state_machine@state     cstackCOMRAM 000011
end_of_initialization              cinit        000C72
erase_flash@address                cstackCOMRAM 000001
intlevel0                          text         000000
intlevel1                          text         000000
intlevel2                          text         000000
intlevel3                          text         000000
main@hbeat                         cstackCOMRAM 000024
send_string_uart@buf               cstackCOMRAM 000005
send_string_uart@i                 cstackCOMRAM 000004
stackhi                            (abs)        000E40
stacklo                            (abs)        0000A0
start                              init         000004
start_initialization               cinit        000C5E
write_flash@address                cstackCOMRAM 000001
write_flash@buffer                 cstackCOMRAM 000005
write_flash@counter                cstackCOMRAM 00000A
write_flash@length                 cstackCOMRAM 000006


FUNCTION INFORMATION:

 *************** function _main *****************
 Defined at:
		line 323 in file "main.c"
 Parameters:    Size  Location     Type
  argc            2   30[COMRAM] int 
  argv            3   32[COMRAM] PTR PTR unsigned char 
 Auto vars:     Size  Location     Type
  hbeat           4   35[COMRAM] unsigned long 
 Return value:  Size  Location     Type
                  2   30[COMRAM] int 
 Registers used:
		wreg, fsr2l, fsr2h, status,2, status,0, tblptrl, tblptrh, tblptru, cstack
 Tracked objects:
		On entry : 
		On exit  : 
		Unchanged: 
 Data sizes:     COMRAM   BANK0   BANK1   BANK2   BANK3   BANK4   BANK5   BANK6   BANK7   BANK8   BANK9  BANK10  BANK11  BANK12  BANK13  BANK14
      Params:         5       0       0       0       0       0       0       0       0       0       0       0       0       0       0       0
      Locals:         4       0       0       0       0       0       0       0       0       0       0       0       0       0       0       0
      Temps:          0       0       0       0       0       0       0       0       0       0       0       0       0       0       0       0
      Totals:         9       0       0       0       0       0       0       0       0       0       0       0       0       0       0       0
Total ram usage:        9 bytes
 Hardware stack levels required when called:    3
 This function calls:
		_UART_getchar
		_UART_init
		_bootloader_state_machine
 This function is called by:
		Startup code after reset
 This function uses a non-reentrant model


 *************** function _bootloader_state_machine *****************
 Defined at:
		line 456 in file "main.c"
 Parameters:    Size  Location     Type
  state           1    wreg     unsigned char 
 Auto vars:     Size  Location     Type
  state           1   16[COMRAM] unsigned char 
  adr             4   25[COMRAM] unsigned long 
  adr             4   21[COMRAM] unsigned long 
  address         4   17[COMRAM] unsigned long 
  crc             1   29[COMRAM] unsigned char 
 Return value:  Size  Location     Type
		None               void
 Registers used:
		wreg, fsr2l, fsr2h, status,2, status,0, tblptrl, tblptrh, tblptru, cstack
 Tracked objects:
		On entry : 
		On exit  : 
		Unchanged: 
 Data sizes:     COMRAM   BANK0   BANK1   BANK2   BANK3   BANK4   BANK5   BANK6   BANK7   BANK8   BANK9  BANK10  BANK11  BANK12  BANK13  BANK14
      Params:         0       0       0       0       0       0       0       0       0       0       0       0       0       0       0       0
      Locals:        14       0       0       0       0       0       0       0       0       0       0       0       0       0       0       0
      Temps:          5       0       0       0       0       0       0       0       0       0       0       0       0       0       0       0
      Totals:        19       0       0       0       0       0       0       0       0       0       0       0       0       0       0       0
Total ram usage:       19 bytes
 Hardware stack levels used:    1
 Hardware stack levels required when called:    2
 This function calls:
		_UART_getchar
		_UART_putchar
		_erase_flash
		_jump_to_app
		_send_string_uart
		_write_flash
 This function is called by:
		_main
 This function uses a non-reentrant model


 *************** function _write_flash *****************
 Defined at:
		line 582 in file "main.c"
 Parameters:    Size  Location     Type
  address         4    0[COMRAM] unsigned long 
  buffer          1    4[COMRAM] PTR unsigned char 
		 -> gbuffer(64), 
  length          1    5[COMRAM] unsigned char 
 Auto vars:     Size  Location     Type
  counter         2    9[COMRAM] int 
 Return value:  Size  Location     Type
		None               void
 Registers used:
		wreg, fsr2l, fsr2h, status,2, status,0
 Tracked objects:
		On entry : 
		On exit  : 
		Unchanged: 
 Data sizes:     COMRAM   BANK0   BANK1   BANK2   BANK3   BANK4   BANK5   BANK6   BANK7   BANK8   BANK9  BANK10  BANK11  BANK12  BANK13  BANK14
      Params:         6       0       0       0       0       0       0       0       0       0       0       0       0       0       0       0
      Locals:         2       0       0       0       0       0       0       0       0       0       0       0       0       0       0       0
      Temps:          3       0       0       0       0       0       0       0       0       0       0       0       0       0       0       0
      Totals:        11       0       0       0       0       0       0       0       0       0       0       0       0       0       0       0
Total ram usage:       11 bytes
 Hardware stack levels used:    1
 This function calls:
		Nothing
 This function is called by:
		_bootloader_state_machine
 This function uses a non-reentrant model


 *************** function _send_string_uart *****************
 Defined at:
		line 442 in file "main.c"
 Parameters:    Size  Location     Type
  buf             1    wreg     PTR unsigned char 
		 -> STR_1(11), 
 Auto vars:     Size  Location     Type
  buf             1    4[COMRAM] PTR unsigned char 
		 -> STR_1(11), 
  i               1    3[COMRAM] unsigned char 
 Return value:  Size  Location     Type
		None               void
 Registers used:
		wreg, status,2, status,0, tblptrl, tblptrh, tblptru, cstack
 Tracked objects:
		On entry : 
		On exit  : 
		Unchanged: 
 Data sizes:     COMRAM   BANK0   BANK1   BANK2   BANK3   BANK4   BANK5   BANK6   BANK7   BANK8   BANK9  BANK10  BANK11  BANK12  BANK13  BANK14
      Params:         0       0       0       0       0       0       0       0       0       0       0       0       0       0       0       0
      Locals:         2       0       0       0       0       0       0       0       0       0       0       0       0       0       0       0
      Temps:          2       0       0       0       0       0       0       0       0       0       0       0       0       0       0       0
      Totals:         4       0       0       0       0       0       0       0       0       0       0       0       0       0       0       0
Total ram usage:        4 bytes
 Hardware stack levels used:    1
 Hardware stack levels required when called:    1
 This function calls:
		_UART_putchar
 This function is called by:
		_bootloader_state_machine
 This function uses a non-reentrant model


 *************** function _UART_putchar *****************
 Defined at:
		line 407 in file "main.c"
 Parameters:    Size  Location     Type
  outchar         1    wreg     unsigned char 
 Auto vars:     Size  Location     Type
  outchar         1    0[COMRAM] unsigned char 
 Return value:  Size  Location     Type
		None               void
 Registers used:
		wreg
 Tracked objects:
		On entry : 
		On exit  : 
		Unchanged: 
 Data sizes:     COMRAM   BANK0   BANK1   BANK2   BANK3   BANK4   BANK5   BANK6   BANK7   BANK8   BANK9  BANK10  BANK11  BANK12  BANK13  BANK14
      Params:         0       0       0       0       0       0       0       0       0       0       0       0       0       0       0       0
      Locals:         1       0       0       0       0       0       0       0       0       0       0       0       0       0       0       0
      Temps:          0       0       0       0       0       0       0       0       0       0       0       0       0       0       0       0
      Totals:         1       0       0       0       0       0       0       0       0       0       0       0       0       0       0       0
Total ram usage:        1 bytes
 Hardware stack levels used:    1
 This function calls:
		Nothing
 This function is called by:
		_send_string_uart
		_bootloader_state_machine
 This function uses a non-reentrant model


 *************** function _jump_to_app *****************
 Defined at:
		line 532 in file "main.c"
 Parameters:    Size  Location     Type
		None
 Auto vars:     Size  Location     Type
		None
 Return value:  Size  Location     Type
		None               void
 Registers used:
		wreg, status,2, status,0
 Tracked objects:
		On entry : 
		On exit  : 
		Unchanged: 
 Data sizes:     COMRAM   BANK0   BANK1   BANK2   BANK3   BANK4   BANK5   BANK6   BANK7   BANK8   BANK9  BANK10  BANK11  BANK12  BANK13  BANK14
      Params:         0       0       0       0       0       0       0       0       0       0       0       0       0       0       0       0
      Locals:         0       0       0       0       0       0       0       0       0       0       0       0       0       0       0       0
      Temps:          0       0       0       0       0       0       0       0       0       0       0       0       0       0       0       0
      Totals:         0       0       0       0       0       0       0       0       0       0       0       0       0       0       0       0
Total ram usage:        0 bytes
 Hardware stack levels used:    1
 This function calls:
		Nothing
 This function is called by:
		_bootloader_state_machine
 This function uses a non-reentrant model


 *************** function _erase_flash *****************
 Defined at:
		line 544 in file "main.c"
 Parameters:    Size  Location     Type
  address         4    0[COMRAM] unsigned long 
 Auto vars:     Size  Location     Type
		None
 Return value:  Size  Location     Type
		None               void
 Registers used:
		wreg, status,2, status,0
 Tracked objects:
		On entry : 
		On exit  : 
		Unchanged: 
 Data sizes:     COMRAM   BANK0   BANK1   BANK2   BANK3   BANK4   BANK5   BANK6   BANK7   BANK8   BANK9  BANK10  BANK11  BANK12  BANK13  BANK14
      Params:         4       0       0       0       0       0       0       0       0       0       0       0       0       0       0       0
      Locals:         0       0       0       0       0       0       0       0       0       0       0       0       0       0       0       0
      Temps:          0       0       0       0       0       0       0       0       0       0       0       0       0       0       0       0
      Totals:         4       0       0       0       0       0       0       0       0       0       0       0       0       0       0       0
Total ram usage:        4 bytes
 Hardware stack levels used:    1
 This function calls:
		Nothing
 This function is called by:
		_bootloader_state_machine
 This function uses a non-reentrant model


 *************** function _UART_getchar *****************
 Defined at:
		line 419 in file "main.c"
 Parameters:    Size  Location     Type
  tout_val        2    0[COMRAM] unsigned int 
 Auto vars:     Size  Location     Type
  tout            2    2[COMRAM] unsigned int 
 Return value:  Size  Location     Type
                  1    wreg      unsigned char 
 Registers used:
		wreg, status,2, status,0
 Tracked objects:
		On entry : 
		On exit  : 
		Unchanged: 
 Data sizes:     COMRAM   BANK0   BANK1   BANK2   BANK3   BANK4   BANK5   BANK6   BANK7   BANK8   BANK9  BANK10  BANK11  BANK12  BANK13  BANK14
      Params:         2       0       0       0       0       0       0       0       0       0       0       0       0       0       0       0
      Locals:         2       0       0       0       0       0       0       0       0       0       0       0       0       0       0       0
      Temps:          0       0       0       0       0       0       0       0       0       0       0       0       0       0       0       0
      Totals:         4       0       0       0       0       0       0       0       0       0       0       0       0       0       0       0
Total ram usage:        4 bytes
 Hardware stack levels used:    1
 This function calls:
		Nothing
 This function is called by:
		_main
		_bootloader_state_machine
 This function uses a non-reentrant model


 *************** function _UART_init *****************
 Defined at:
		line 380 in file "main.c"
 Parameters:    Size  Location     Type
		None
 Auto vars:     Size  Location     Type
		None
 Return value:  Size  Location     Type
		None               void
 Registers used:
		wreg, status,2
 Tracked objects:
		On entry : 
		On exit  : 
		Unchanged: 
 Data sizes:     COMRAM   BANK0   BANK1   BANK2   BANK3   BANK4   BANK5   BANK6   BANK7   BANK8   BANK9  BANK10  BANK11  BANK12  BANK13  BANK14
      Params:         0       0       0       0       0       0       0       0       0       0       0       0       0       0       0       0
      Locals:         0       0       0       0       0       0       0       0       0       0       0       0       0       0       0       0
      Temps:          0       0       0       0       0       0       0       0       0       0       0       0       0       0       0       0
      Totals:         0       0       0       0       0       0       0       0       0       0       0       0       0       0       0       0
Total ram usage:        0 bytes
 Hardware stack levels used:    1
 This function calls:
		Nothing
 This function is called by:
		_main
 This function uses a non-reentrant model



MODULE INFORMATION

Module		Function		Class		Link	Load	Size
shared
		__initializatio		CODE           	0C5E	0000	21

shared estimated size: 21

main.c
		_UART_init     		CODE           	0C48	0000	23
		_main          		CODE           	0F0E	0000	149
		_UART_getchar  		CODE           	0CAA	0000	55
		_write_flash   		CODE           	0FA2	0000	95
		_UART_putchar  		CODE           	0C38	0000	17
		_bootloader_sta		CODE           	0D2C	0000	469
		_jump_to_app   		CODE           	0C2C	0000	13
		_send_string_ua		CODE           	0CE0	0000	77
		_erase_flash   		CODE           	0C7C	0000	47

main.c estimated size: 945

