Microchip MPLAB XC8 Compiler V1.34 ()

Linker command line:

--edf=C:\Program Files\Microchip\xc8\v1.34\dat\en_msgs.txt -cs \
  -h+dist/default/production\Pic18f_Bootloader.production.sym \
  --cmf=dist/default/production\Pic18f_Bootloader.production.cmf -z \
  -Q18F26K80 -oC:\Users\MICHA~1\AppData\Local\Temp\s4cs.6 \
  -Mdist/default/production/Pic18f_Bootloader.production.map -E1 -ver=XC8 \
  -ASTACK=0A0h-0e40h -pstack=STACK -ACODE=00h-010FFh -ACONST=00h-010FFh \
  -ASMALLCONST=0F00h-0FFFhx2 -AMEDIUMCONST=0F00h-010FFh -ACOMRAM=01h-05Fh \
  -AABS1=00h-0E40h -ABIGRAM=01h-0E40h \
  -ARAM=060h-0FFh,0100h-01FFhx13,0E00h-0E40h -ABANK0=060h-0FFh \
  -ABANK1=0100h-01FFh -ABANK2=0200h-02FFh -ABANK3=0300h-03FFh \
  -ABANK4=0400h-04FFh -ABANK5=0500h-05FFh -ABANK6=0600h-06FFh \
  -ABANK7=0700h-07FFh -ABANK8=0800h-08FFh -ABANK9=0900h-09FFh \
  -ABANK10=0A00h-0AFFh -ABANK11=0B00h-0BFFh -ABANK12=0C00h-0CFFh \
  -ABANK13=0D00h-0DFFh -ABANK14=0E00h-0E40h \
  -ASFR=0E41h-0EFFh,0F00h-0F5Fh,0F60h-0FFFh \
  -preset_vec=00h,intcode,intcodelo,powerup,init,end_init -pramtop=0F00h \
  -psmallconst=SMALLCONST -pmediumconst=MEDIUMCONST -pconst=CONST \
  -AFARRAM=00h-00h -ACONFIG=0300000h-030000Dh -pconfig=CONFIG \
  -AIDLOC=0200000h-0200007h -pidloc=IDLOC -AEEDATA=0F00000h-0F003FFh \
  -peeprom_data=EEDATA \
  -prdata=COMRAM,nvrram=COMRAM,nvbit=COMRAM,rbss=COMRAM,rbit=COMRAM \
  -pfarbss=FARRAM,fardata=FARRAM,nvFARRAM=FARRAM \
  -pintsave_regs=BIGRAM,bigbss=BIGRAM,bigdata=BIGRAM -pbss=RAM \
  -pidata=CODE,irdata=CODE,ibigdata=CODE,ifardata=CODE -prparam=COMRAM \
  C:\Users\MICHA~1\AppData\Local\Temp\s4cs.obj \
  dist/default/production\Pic18f_Bootloader.production.obj 

Object code version is 3.11

Machine type is 18F26K80

Call graph: (short form)




                Name                               Link     Load   Length Selector   Space Scale
C:\Users\MICHA~1\AppData\Local\Temp\s4cs.obj
                end_init                              4        4        4        0       0
                reset_vec                             0        0        4        0       0
                idloc                            200000   200000        8   200000       0
                config                           300000   300000        E   300000       0
dist/default/production\Pic18f_Bootloader.production.obj
                smallconst                          F00      F00        8      780       0
                text11                             10DC     10DC       18      784       0
                text10                              A32      A32       16      519       0
                text9                               A1E      A1E       14      50F       0
                text8                              1094     1094       26      784       0
                text7                              106C     106C       28      784       0
                text6                              103E     103E       2E      784       0
                text5                              10F4     10F4        A      784       0
                text4                               A0E      A0E       10      507       0
                text3                               FF2      FF2       4C      784       0
                text2                               F96      F96       5C      784       0
                text1                               A48      A48      4B8      524       0
                text0                               F08      F08       8E      784       0
                cstackCOMRAM                          1        1       21        1       1
                bssBANK0                             60       60       40       60       1
                bssCOMRAM                            22       22       13        1       1
                cinit                              10BA     10BA       22      784       0

TOTAL           Name                               Link     Load   Length     Space
        CLASS   STACK          

        CLASS   CODE           
                end_init                              4        4        4         0
                reset_vec                             0        0        4         0
                text11                             10DC     10DC       18         0
                text10                              A32      A32       16         0
                text9                               A1E      A1E       14         0
                text8                              1094     1094       26         0
                text7                              106C     106C       28         0
                text6                              103E     103E       2E         0
                text5                              10F4     10F4        A         0
                text4                               A0E      A0E       10         0
                text3                               FF2      FF2       4C         0
                text2                               F96      F96       5C         0
                text1                               A48      A48      4B8         0
                text0                               F08      F08       8E         0
                cinit                              10BA     10BA       22         0

        CLASS   CONST          

        CLASS   SMALLCONST     
                smallconst                          F00      F00        8         0

        CLASS   MEDIUMCONST    

        CLASS   COMRAM         
                cstackCOMRAM                          1        1       21         1
                bssCOMRAM                            22       22       13         1

        CLASS   ABS1           

        CLASS   BIGRAM         

        CLASS   RAM            

        CLASS   BANK0          
                bssBANK0                             60       60       40         1

        CLASS   BANK1          

        CLASS   BANK2          

        CLASS   BANK3          

        CLASS   BANK4          

        CLASS   BANK5          

        CLASS   BANK6          

        CLASS   BANK7          

        CLASS   BANK8          

        CLASS   BANK9          

        CLASS   BANK10         

        CLASS   BANK11         

        CLASS   BANK12         

        CLASS   BANK13         

        CLASS   BANK14         

        CLASS   SFR            

        CLASS   FARRAM         

        CLASS   CONFIG         
                config                           300000   300000        E         0

        CLASS   IDLOC          
                idloc                            200000   200000        8         0

        CLASS   EEDATA         



SEGMENTS        Name                           Load    Length   Top    Selector   Space  Class

                reset_vec                      000000  000008  000008         0       0  CODE    
                cstackCOMRAM                   000001  000034  000035         1       1  COMRAM  
                bssBANK0                       000060  000040  0000A0        60       1  BANK0   
                text4                          000A0E  000010  000A1E       507       0  CODE    
                text9                          000A1E  000014  000A32       50F       0  CODE    
                text10                         000A32  000016  000A48       519       0  CODE    
                text1                          000A48  0004B8  000F00       524       0  CODE    
                smallconst                     000F00  000008  000F08       780       0  SMALLCON
                text0                          000F08  0001F6  0010FE       784       0  CODE    
                idloc                          200000  000008  200008    200000       0  IDLOC   
                config                         300000  00000E  30000E    300000       0  CONFIG  


UNUSED ADDRESS RANGES

        Name                Unused          Largest block    Delta
        BANK0            0000A0-0000FF               60
        BANK1            000100-0001FF              100
        BANK10           000A00-000AFF              100
        BANK11           000B00-000BFF              100
        BANK12           000C00-000CFF              100
        BANK13           000D00-000DFF              100
        BANK14           000E00-000E40               41
        BANK2            000200-0002FF              100
        BANK3            000300-0003FF              100
        BANK4            000400-0004FF              100
        BANK5            000500-0005FF              100
        BANK6            000600-0006FF              100
        BANK7            000700-0007FF              100
        BANK8            000800-0008FF              100
        BANK9            000900-0009FF              100
        BIGRAM           000035-00005F               2B
                         0000A0-000E40              DA1
        CODE             000008-000A0D              A06
                         0010FE-0010FF                2
        COMRAM           000035-00005F               2B
        CONST            000008-000A0D              A06
                         0010FE-0010FF                2
        EEDATA           F00000-F003FF              400
        MEDIUMCONST      0010FE-0010FF                2
        RAM              0000A0-000E40              100
        SFR              000E41-000FFF               BF
        SMALLCONST       0010FE-0010FF                2
        STACK            0000A0-000E40              DA1

                                  Symbol Table

UART_putchar@outchar               cstackCOMRAM 000001
_BAUDCON1bits                      (abs)        000FA7
_EECON1                            (abs)        000F7F
_EECON1bits                        (abs)        000F7F
_EECON2                            (abs)        000F7E
_INTCONbits                        (abs)        000FF2
_LATBbits                          (abs)        000F8A
_OSCCONbits                        (abs)        000FD3
_OSCTUNEbits                       (abs)        000F9B
_PIR4bits                          (abs)        000FB7
_RCIF                              (abs)        007CF5
_RCON                              (abs)        000FD0
_RCREG1                            (abs)        000FAE
_RCSTAbits                         (abs)        000FAB
_SPBRG                             (abs)        000FAF
_TABLAT                            (abs)        000FF5
_TBLPTRH                           (abs)        000FF7
_TBLPTRL                           (abs)        000FF6
_TBLPTRU                           (abs)        000FF8
_TRISBbits                         (abs)        000F93
_TRISCbits                         (abs)        000F94
_TXREG1                            (abs)        000FAD
_TXSTA1bits                        (abs)        000FAC
_TXSTAbits                         (abs)        000FAC
_UART_getchar                      text11       0010DC
_UART_init                         text10       000A32
_UART_putchar                      text4        000A0E
_UART_wait_for_char                text9        000A1E
__CFG_BBSIZ$BB2K                   (abs)        000000
__CFG_BOREN$SBORDIS                (abs)        000000
__CFG_BORPWR$ZPBORMV               (abs)        000000
__CFG_BORV$1                       (abs)        000000
__CFG_CANMX$PORTB                  (abs)        000000
__CFG_CP0$OFF                      (abs)        000000
__CFG_CP1$OFF                      (abs)        000000
__CFG_CP2$OFF                      (abs)        000000
__CFG_CP3$OFF                      (abs)        000000
__CFG_CPB$OFF                      (abs)        000000
__CFG_CPD$OFF                      (abs)        000000
__CFG_EBTR0$OFF                    (abs)        000000
__CFG_EBTR1$OFF                    (abs)        000000
__CFG_EBTR2$OFF                    (abs)        000000
__CFG_EBTR3$OFF                    (abs)        000000
__CFG_EBTRB$OFF                    (abs)        000000
__CFG_FCMEN$ON                     (abs)        000000
__CFG_FOSC$INTIO2                  (abs)        000000
__CFG_IESO$OFF                     (abs)        000000
__CFG_INTOSCSEL$HIGH               (abs)        000000
__CFG_MCLRE$ON                     (abs)        000000
__CFG_MSSPMSK$MSK7                 (abs)        000000
__CFG_PLLCFG$ON                    (abs)        000000
__CFG_PWRTEN$OFF                   (abs)        000000
__CFG_RETEN$OFF                    (abs)        000000
__CFG_SOSCSEL$DIG                  (abs)        000000
__CFG_STVREN$ON                    (abs)        000000
__CFG_WDTEN$OFF                    (abs)        000000
__CFG_WDTPS$256                    (abs)        000000
__CFG_WRT0$OFF                     (abs)        000000
__CFG_WRT1$OFF                     (abs)        000000
__CFG_WRT2$OFF                     (abs)        000000
__CFG_WRT3$OFF                     (abs)        000000
__CFG_WRTB$OFF                     (abs)        000000
__CFG_WRTC$OFF                     (abs)        000000
__CFG_WRTD$OFF                     (abs)        000000
__CFG_XINST$OFF                    (abs)        000000
__HRAM                             (abs)        000000
__Habs1                            abs1         000000
__Hbank0                           bank0        000000
__Hbank1                           bank1        000000
__Hbank10                          bank10       000000
__Hbank11                          bank11       000000
__Hbank12                          bank12       000000
__Hbank13                          bank13       000000
__Hbank14                          bank14       000000
__Hbank2                           bank2        000000
__Hbank3                           bank3        000000
__Hbank4                           bank4        000000
__Hbank5                           bank5        000000
__Hbank6                           bank6        000000
__Hbank7                           bank7        000000
__Hbank8                           bank8        000000
__Hbank9                           bank9        000000
__Hbigbss                          bigbss       000000
__Hbigdata                         bigdata      000000
__Hbigram                          bigram       000000
__Hbss                             bss          000000
__HbssBANK0                        bssBANK0     000000
__HbssCOMRAM                       bssCOMRAM    000000
__Hcinit                           cinit        000000
__Hclrtext                         clrtext      000000
__Hcomram                          comram       000000
__Hconfig                          config       30000E
__Hconst                           const        000000
__HcstackCOMRAM                    cstackCOMRAM 000000
__Hdata                            data         000000
__Heeprom_data                     eeprom_data  000000
__Hend_init                        end_init     000008
__Hfarbss                          farbss       000000
__Hfardata                         fardata      000000
__Hibigdata                        ibigdata     000000
__Hidata                           idata        000000
__Hidloc                           idloc        200008
__Hifardata                        ifardata     000000
__Hinit                            init         000004
__Hintcode                         intcode      000004
__Hintcode_body                    intcode_body 000000
__Hintcodelo                       intcodelo    000004
__Hintentry                        intentry     000000
__Hintret                          intret       000000
__Hintsave_regs                    intsave_regs 000000
__Hirdata                          irdata       000000
__Hmediumconst                     mediumconst  000000
__HnvFARRAM                        nvFARRAM     000000
__Hnvbit                           nvbit        000000
__Hnvrram                          nvrram       000000
__Hparam                           rparam       000000
__Hpowerup                         powerup      000004
__Hram                             ram          000000
__Hramtop                          ramtop       000F00
__Hrbit                            rbit         000000
__Hrbss                            rbss         000000
__Hrdata                           rdata        000000
__Hreset_vec                       reset_vec    000004
__Hrparam                          rparam       000000
__Hsfr                             sfr          000000
__Hsmallconst                      smallconst   000F08
__Hspace_0                         (abs)        30000E
__Hspace_1                         (abs)        0000A0
__Hspace_2                         (abs)        000000
__Hstack                           stack        000000
__Hstruct                          struct       000000
__Htemp                            temp         000000
__Htext                            text         000000
__Htext0                           text0        000000
__Htext1                           text1        000000
__Htext10                          text10       000000
__Htext11                          text11       000000
__Htext2                           text2        000000
__Htext3                           text3        000000
__Htext4                           text4        000000
__Htext5                           text5        000000
__Htext6                           text6        000000
__Htext7                           text7        000000
__Htext8                           text8        000000
__Htext9                           text9        000000
__LRAM                             (abs)        000001
__Labs1                            abs1         000000
__Lbank0                           bank0        000000
__Lbank1                           bank1        000000
__Lbank10                          bank10       000000
__Lbank11                          bank11       000000
__Lbank12                          bank12       000000
__Lbank13                          bank13       000000
__Lbank14                          bank14       000000
__Lbank2                           bank2        000000
__Lbank3                           bank3        000000
__Lbank4                           bank4        000000
__Lbank5                           bank5        000000
__Lbank6                           bank6        000000
__Lbank7                           bank7        000000
__Lbank8                           bank8        000000
__Lbank9                           bank9        000000
__Lbigbss                          bigbss       000000
__Lbigdata                         bigdata      000000
__Lbigram                          bigram       000000
__Lbss                             bss          000000
__LbssBANK0                        bssBANK0     000000
__LbssCOMRAM                       bssCOMRAM    000000
__Lcinit                           cinit        000000
__Lclrtext                         clrtext      000000
__Lcomram                          comram       000000
__Lconfig                          config       300000
__Lconst                           const        000000
__LcstackCOMRAM                    cstackCOMRAM 000000
__Ldata                            data         000000
__Leeprom_data                     eeprom_data  000000
__Lend_init                        end_init     000004
__Lfarbss                          farbss       000000
__Lfardata                         fardata      000000
__Libigdata                        ibigdata     000000
__Lidata                           idata        000000
__Lidloc                           idloc        200000
__Lifardata                        ifardata     000000
__Linit                            init         000004
__Lintcode                         intcode      000004
__Lintcode_body                    intcode_body 000000
__Lintcodelo                       intcodelo    000004
__Lintentry                        intentry     000000
__Lintret                          intret       000000
__Lintsave_regs                    intsave_regs 000000
__Lirdata                          irdata       000000
__Lmediumconst                     mediumconst  000000
__LnvFARRAM                        nvFARRAM     000000
__Lnvbit                           nvbit        000000
__Lnvrram                          nvrram       000000
__Lparam                           rparam       000000
__Lpowerup                         powerup      000004
__Lram                             ram          000000
__Lramtop                          ramtop       000F00
__Lrbit                            rbit         000000
__Lrbss                            rbss         000000
__Lrdata                           rdata        000000
__Lreset_vec                       reset_vec    000000
__Lrparam                          rparam       000000
__Lsfr                             sfr          000000
__Lsmallconst                      smallconst   000F00
__Lspace_0                         (abs)        000000
__Lspace_1                         (abs)        000000
__Lspace_2                         (abs)        000000
__Lstack                           stack        000000
__Lstruct                          struct       000000
__Ltemp                            temp         000000
__Ltext                            text         000000
__Ltext0                           text0        000000
__Ltext1                           text1        000000
__Ltext10                          text10       000000
__Ltext11                          text11       000000
__Ltext2                           text2        000000
__Ltext3                           text3        000000
__Ltext4                           text4        000000
__Ltext5                           text5        000000
__Ltext6                           text6        000000
__Ltext7                           text7        000000
__Ltext8                           text8        000000
__Ltext9                           text9        000000
__S0                               (abs)        30000E
__S1                               (abs)        0000A0
__S2                               (abs)        000000
___inthi_sp                        stack        000000
___intlo_sp                        stack        000000
___lbmod                           text8        001094
___lbmod@counter                   cstackCOMRAM 000003
___lbmod@dividend                  cstackCOMRAM 000002
___lbmod@divisor                   cstackCOMRAM 000001
___lbmod@rem                       cstackCOMRAM 000004
___param_bank                      (abs)        000010
___rparam_used                     (abs)        000001
___sp                              stack        000000
__accesstop                        (abs)        000060
__activetblptr                     (abs)        000002
__end_of_UART_getchar              text11       0010F4
__end_of_UART_init                 text10       000A48
__end_of_UART_putchar              text4        000A1E
__end_of_UART_wait_for_char        text9        000A32
__end_of___lbmod                   text8        0010BA
__end_of__initialization           cinit        0010D2
__end_of_bootloader_state_machine  text1        000F00
__end_of_clear_buffer              text7        001094
__end_of_erase_flash               text6        00106C
__end_of_jump_to_app               text5        0010FE
__end_of_main                      text0        000F96
__end_of_send_boot_version         text3        00103E
__end_of_write_flash               text2        000FF2
__initialization                   cinit        0010BA
__mediumconst                      mediumconst  000000
__pbssBANK0                        bssBANK0     000060
__pbssCOMRAM                       bssCOMRAM    000022
__pcinit                           cinit        0010BA
__pcstackCOMRAM                    cstackCOMRAM 000001
__psmallconst                      smallconst   000F00
__ptext0                           text0        000F08
__ptext1                           text1        000A48
__ptext10                          text10       000A32
__ptext11                          text11       0010DC
__ptext2                           text2        000F96
__ptext3                           text3        000FF2
__ptext4                           text4        000A0E
__ptext5                           text5        0010F4
__ptext6                           text6        00103E
__ptext7                           text7        00106C
__ptext8                           text8        001094
__ptext9                           text9        000A1E
__ramtop                           ramtop       000F00
__size_of_UART_getchar             (abs)        000000
__size_of_UART_init                (abs)        000000
__size_of_UART_putchar             (abs)        000000
__size_of_UART_wait_for_char       (abs)        000000
__size_of___lbmod                  (abs)        000000
__size_of_bootloader_state_machine (abs)        000000
__size_of_clear_buffer             (abs)        000000
__size_of_erase_flash              (abs)        000000
__size_of_jump_to_app              (abs)        000000
__size_of_main                     (abs)        000000
__size_of_send_boot_version        (abs)        000000
__size_of_write_flash              (abs)        000000
__smallconst                       smallconst   000F00
_address                           bssCOMRAM    000022
_bootloader_state_machine          text1        000A48
_byte_in_record                    bssCOMRAM    00002E
_byte_index                        bssCOMRAM    00002A
_clear_buffer                      text7        00106C
_crc                               bssCOMRAM    00002F
_end_of_record                     bssCOMRAM    000030
_erase_flash                       text6        00103E
_gbuffer                           bssBANK0     000060
_i                                 bssCOMRAM    000031
_jump_to_app                       text5        0010F4
_main                              text0        000F08
_offset                            bssCOMRAM    00002C
_record_type                       bssCOMRAM    000032
_send_boot_version                 text3        000FF2
_temp                              bssCOMRAM    000033
_timeout                           bssCOMRAM    000026
_vl                                bssCOMRAM    000034
_write_flash                       text2        000F96
bootloader_state_machine@adr       cstackCOMRAM 000015
bootloader_state_machine@state     cstackCOMRAM 000014
clear_buffer@buf                   cstackCOMRAM 000005
clear_buffer@i                     cstackCOMRAM 000003
clear_buffer@idx                   cstackCOMRAM 000001
end_of_initialization              cinit        0010D2
erase_flash@address                cstackCOMRAM 000001
intlevel0                          text         000000
intlevel1                          text         000000
intlevel2                          text         000000
intlevel3                          text         000000
main@hbeat                         cstackCOMRAM 00001E
send_boot_version@buf              cstackCOMRAM 000005
send_boot_version@i                cstackCOMRAM 000004
stackhi                            (abs)        000E40
stacklo                            (abs)        0000A0
start                              init         000004
start_initialization               cinit        0010BA
write_flash@address                cstackCOMRAM 000001
write_flash@buffer                 cstackCOMRAM 000005
write_flash@counter                cstackCOMRAM 00000A
write_flash@length                 cstackCOMRAM 000006


FUNCTION INFORMATION:

 *************** function _main *****************
 Defined at:
		line 364 in file "main.c"
 Parameters:    Size  Location     Type
  argc            2   24[COMRAM] int 
  argv            3   26[COMRAM] PTR PTR unsigned char 
 Auto vars:     Size  Location     Type
  hbeat           4   29[COMRAM] unsigned long 
 Return value:  Size  Location     Type
                  2   24[COMRAM] int 
 Registers used:
		wreg, fsr2l, fsr2h, status,2, status,0, tblptrl, tblptrh, tblptru, prodl, prodh, cstack
 Tracked objects:
		On entry : 
		On exit  : 
		Unchanged: 
 Data sizes:     COMRAM   BANK0   BANK1   BANK2   BANK3   BANK4   BANK5   BANK6   BANK7   BANK8   BANK9  BANK10  BANK11  BANK12  BANK13  BANK14
      Params:         5       0       0       0       0       0       0       0       0       0       0       0       0       0       0       0
      Locals:         4       0       0       0       0       0       0       0       0       0       0       0       0       0       0       0
      Temps:          0       0       0       0       0       0       0       0       0       0       0       0       0       0       0       0
      Totals:         9       0       0       0       0       0       0       0       0       0       0       0       0       0       0       0
Total ram usage:        9 bytes
 Hardware stack levels required when called:    3
 This function calls:
		_UART_getchar
		_UART_init
		_bootloader_state_machine
 This function is called by:
		Startup code after reset
 This function uses a non-reentrant model


 *************** function _bootloader_state_machine *****************
 Defined at:
		line 533 in file "main.c"
 Parameters:    Size  Location     Type
  state           1    wreg     unsigned char 
 Auto vars:     Size  Location     Type
  state           1   19[COMRAM] unsigned char 
  adr             4   20[COMRAM] unsigned long 
 Return value:  Size  Location     Type
		None               void
 Registers used:
		wreg, fsr2l, fsr2h, status,2, status,0, tblptrl, tblptrh, tblptru, prodl, prodh, cstack
 Tracked objects:
		On entry : 
		On exit  : 
		Unchanged: 
 Data sizes:     COMRAM   BANK0   BANK1   BANK2   BANK3   BANK4   BANK5   BANK6   BANK7   BANK8   BANK9  BANK10  BANK11  BANK12  BANK13  BANK14
      Params:         0       0       0       0       0       0       0       0       0       0       0       0       0       0       0       0
      Locals:         5       0       0       0       0       0       0       0       0       0       0       0       0       0       0       0
      Temps:          8       0       0       0       0       0       0       0       0       0       0       0       0       0       0       0
      Totals:        13       0       0       0       0       0       0       0       0       0       0       0       0       0       0       0
Total ram usage:       13 bytes
 Hardware stack levels used:    1
 Hardware stack levels required when called:    2
 This function calls:
		_UART_putchar
		_UART_wait_for_char
		___lbmod
		_clear_buffer
		_erase_flash
		_jump_to_app
		_send_boot_version
		_write_flash
 This function is called by:
		_main
 This function uses a non-reentrant model


 *************** function _write_flash *****************
 Defined at:
		line 851 in file "main.c"
 Parameters:    Size  Location     Type
  address         4    0[COMRAM] unsigned long 
  buffer          1    4[COMRAM] PTR unsigned char 
		 -> gbuffer(64), 
  length          1    5[COMRAM] unsigned char 
 Auto vars:     Size  Location     Type
  counter         2    9[COMRAM] int 
 Return value:  Size  Location     Type
		None               void
 Registers used:
		wreg, fsr2l, fsr2h, status,2, status,0
 Tracked objects:
		On entry : 
		On exit  : 
		Unchanged: 
 Data sizes:     COMRAM   BANK0   BANK1   BANK2   BANK3   BANK4   BANK5   BANK6   BANK7   BANK8   BANK9  BANK10  BANK11  BANK12  BANK13  BANK14
      Params:         6       0       0       0       0       0       0       0       0       0       0       0       0       0       0       0
      Locals:         2       0       0       0       0       0       0       0       0       0       0       0       0       0       0       0
      Temps:          3       0       0       0       0       0       0       0       0       0       0       0       0       0       0       0
      Totals:        11       0       0       0       0       0       0       0       0       0       0       0       0       0       0       0
Total ram usage:       11 bytes
 Hardware stack levels used:    1
 This function calls:
		Nothing
 This function is called by:
		_bootloader_state_machine
 This function uses a non-reentrant model


 *************** function _send_boot_version *****************
 Defined at:
		line 508 in file "main.c"
 Parameters:    Size  Location     Type
  buf             1    wreg     PTR unsigned char 
		 -> STR_1(6), 
 Auto vars:     Size  Location     Type
  buf             1    4[COMRAM] PTR unsigned char 
		 -> STR_1(6), 
  i               1    3[COMRAM] unsigned char 
 Return value:  Size  Location     Type
		None               void
 Registers used:
		wreg, status,2, status,0, tblptrl, tblptrh, tblptru, cstack
 Tracked objects:
		On entry : 
		On exit  : 
		Unchanged: 
 Data sizes:     COMRAM   BANK0   BANK1   BANK2   BANK3   BANK4   BANK5   BANK6   BANK7   BANK8   BANK9  BANK10  BANK11  BANK12  BANK13  BANK14
      Params:         0       0       0       0       0       0       0       0       0       0       0       0       0       0       0       0
      Locals:         2       0       0       0       0       0       0       0       0       0       0       0       0       0       0       0
      Temps:          2       0       0       0       0       0       0       0       0       0       0       0       0       0       0       0
      Totals:         4       0       0       0       0       0       0       0       0       0       0       0       0       0       0       0
Total ram usage:        4 bytes
 Hardware stack levels used:    1
 Hardware stack levels required when called:    1
 This function calls:
		_UART_putchar
 This function is called by:
		_bootloader_state_machine
 This function uses a non-reentrant model


 *************** function _UART_putchar *****************
 Defined at:
		line 465 in file "main.c"
 Parameters:    Size  Location     Type
  outchar         1    wreg     unsigned char 
 Auto vars:     Size  Location     Type
  outchar         1    0[COMRAM] unsigned char 
 Return value:  Size  Location     Type
		None               void
 Registers used:
		wreg
 Tracked objects:
		On entry : 
		On exit  : 
		Unchanged: 
 Data sizes:     COMRAM   BANK0   BANK1   BANK2   BANK3   BANK4   BANK5   BANK6   BANK7   BANK8   BANK9  BANK10  BANK11  BANK12  BANK13  BANK14
      Params:         0       0       0       0       0       0       0       0       0       0       0       0       0       0       0       0
      Locals:         1       0       0       0       0       0       0       0       0       0       0       0       0       0       0       0
      Temps:          0       0       0       0       0       0       0       0       0       0       0       0       0       0       0       0
      Totals:         1       0       0       0       0       0       0       0       0       0       0       0       0       0       0       0
Total ram usage:        1 bytes
 Hardware stack levels used:    1
 This function calls:
		Nothing
 This function is called by:
		_send_boot_version
		_bootloader_state_machine
 This function uses a non-reentrant model


 *************** function _jump_to_app *****************
 Defined at:
		line 804 in file "main.c"
 Parameters:    Size  Location     Type
		None
 Auto vars:     Size  Location     Type
		None
 Return value:  Size  Location     Type
		None               void
 Registers used:
		wreg, status,2, status,0
 Tracked objects:
		On entry : 
		On exit  : 
		Unchanged: 
 Data sizes:     COMRAM   BANK0   BANK1   BANK2   BANK3   BANK4   BANK5   BANK6   BANK7   BANK8   BANK9  BANK10  BANK11  BANK12  BANK13  BANK14
      Params:         0       0       0       0       0       0       0       0       0       0       0       0       0       0       0       0
      Locals:         0       0       0       0       0       0       0       0       0       0       0       0       0       0       0       0
      Temps:          0       0       0       0       0       0       0       0       0       0       0       0       0       0       0       0
      Totals:         0       0       0       0       0       0       0       0       0       0       0       0       0       0       0       0
Total ram usage:        0 bytes
 Hardware stack levels used:    1
 This function calls:
		Nothing
 This function is called by:
		_bootloader_state_machine
 This function uses a non-reentrant model


 *************** function _erase_flash *****************
 Defined at:
		line 813 in file "main.c"
 Parameters:    Size  Location     Type
  address         4    0[COMRAM] unsigned long 
 Auto vars:     Size  Location     Type
		None
 Return value:  Size  Location     Type
		None               void
 Registers used:
		wreg, status,2, status,0
 Tracked objects:
		On entry : 
		On exit  : 
		Unchanged: 
 Data sizes:     COMRAM   BANK0   BANK1   BANK2   BANK3   BANK4   BANK5   BANK6   BANK7   BANK8   BANK9  BANK10  BANK11  BANK12  BANK13  BANK14
      Params:         4       0       0       0       0       0       0       0       0       0       0       0       0       0       0       0
      Locals:         0       0       0       0       0       0       0       0       0       0       0       0       0       0       0       0
      Temps:          0       0       0       0       0       0       0       0       0       0       0       0       0       0       0       0
      Totals:         4       0       0       0       0       0       0       0       0       0       0       0       0       0       0       0
Total ram usage:        4 bytes
 Hardware stack levels used:    1
 This function calls:
		Nothing
 This function is called by:
		_bootloader_state_machine
 This function uses a non-reentrant model


 *************** function _clear_buffer *****************
 Defined at:
		line 792 in file "main.c"
 Parameters:    Size  Location     Type
  buf             1    wreg     PTR unsigned char 
		 -> gbuffer(64), 
  idx             2    0[COMRAM] unsigned int 
 Auto vars:     Size  Location     Type
  buf             1    4[COMRAM] PTR unsigned char 
		 -> gbuffer(64), 
  i               2    2[COMRAM] unsigned int 
 Return value:  Size  Location     Type
		None               void
 Registers used:
		wreg, fsr2l, fsr2h, status,2, status,0
 Tracked objects:
		On entry : 
		On exit  : 
		Unchanged: 
 Data sizes:     COMRAM   BANK0   BANK1   BANK2   BANK3   BANK4   BANK5   BANK6   BANK7   BANK8   BANK9  BANK10  BANK11  BANK12  BANK13  BANK14
      Params:         2       0       0       0       0       0       0       0       0       0       0       0       0       0       0       0
      Locals:         3       0       0       0       0       0       0       0       0       0       0       0       0       0       0       0
      Temps:          0       0       0       0       0       0       0       0       0       0       0       0       0       0       0       0
      Totals:         5       0       0       0       0       0       0       0       0       0       0       0       0       0       0       0
Total ram usage:        5 bytes
 Hardware stack levels used:    1
 This function calls:
		Nothing
 This function is called by:
		_bootloader_state_machine
 This function uses a non-reentrant model


 *************** function ___lbmod *****************
 Defined at:
		line 4 in file "C:\Program Files\Microchip\xc8\v1.34\sources\common\lbmod.c"
 Parameters:    Size  Location     Type
  dividend        1    wreg     unsigned char 
  divisor         1    0[COMRAM] unsigned char 
 Auto vars:     Size  Location     Type
  dividend        1    1[COMRAM] unsigned char 
  rem             1    3[COMRAM] unsigned char 
  counter         1    2[COMRAM] unsigned char 
 Return value:  Size  Location     Type
                  1    wreg      unsigned char 
 Registers used:
		wreg, status,2, status,0
 Tracked objects:
		On entry : 
		On exit  : 
		Unchanged: 
 Data sizes:     COMRAM   BANK0   BANK1   BANK2   BANK3   BANK4   BANK5   BANK6   BANK7   BANK8   BANK9  BANK10  BANK11  BANK12  BANK13  BANK14
      Params:         1       0       0       0       0       0       0       0       0       0       0       0       0       0       0       0
      Locals:         3       0       0       0       0       0       0       0       0       0       0       0       0       0       0       0
      Temps:          0       0       0       0       0       0       0       0       0       0       0       0       0       0       0       0
      Totals:         4       0       0       0       0       0       0       0       0       0       0       0       0       0       0       0
Total ram usage:        4 bytes
 Hardware stack levels used:    1
 This function calls:
		Nothing
 This function is called by:
		_bootloader_state_machine
 This function uses a non-reentrant model


 *************** function _UART_wait_for_char *****************
 Defined at:
		line 495 in file "main.c"
 Parameters:    Size  Location     Type
		None
 Auto vars:     Size  Location     Type
		None
 Return value:  Size  Location     Type
                  1    wreg      unsigned char 
 Registers used:
		wreg, status,2
 Tracked objects:
		On entry : 
		On exit  : 
		Unchanged: 
 Data sizes:     COMRAM   BANK0   BANK1   BANK2   BANK3   BANK4   BANK5   BANK6   BANK7   BANK8   BANK9  BANK10  BANK11  BANK12  BANK13  BANK14
      Params:         0       0       0       0       0       0       0       0       0       0       0       0       0       0       0       0
      Locals:         0       0       0       0       0       0       0       0       0       0       0       0       0       0       0       0
      Temps:          0       0       0       0       0       0       0       0       0       0       0       0       0       0       0       0
      Totals:         0       0       0       0       0       0       0       0       0       0       0       0       0       0       0       0
Total ram usage:        0 bytes
 Hardware stack levels used:    1
 This function calls:
		Nothing
 This function is called by:
		_bootloader_state_machine
 This function uses a non-reentrant model


 *************** function _UART_init *****************
 Defined at:
		line 438 in file "main.c"
 Parameters:    Size  Location     Type
		None
 Auto vars:     Size  Location     Type
		None
 Return value:  Size  Location     Type
		None               void
 Registers used:
		wreg, status,2
 Tracked objects:
		On entry : 
		On exit  : 
		Unchanged: 
 Data sizes:     COMRAM   BANK0   BANK1   BANK2   BANK3   BANK4   BANK5   BANK6   BANK7   BANK8   BANK9  BANK10  BANK11  BANK12  BANK13  BANK14
      Params:         0       0       0       0       0       0       0       0       0       0       0       0       0       0       0       0
      Locals:         0       0       0       0       0       0       0       0       0       0       0       0       0       0       0       0
      Temps:          0       0       0       0       0       0       0       0       0       0       0       0       0       0       0       0
      Totals:         0       0       0       0       0       0       0       0       0       0       0       0       0       0       0       0
Total ram usage:        0 bytes
 Hardware stack levels used:    1
 This function calls:
		Nothing
 This function is called by:
		_main
 This function uses a non-reentrant model


 *************** function _UART_getchar *****************
 Defined at:
		line 477 in file "main.c"
 Parameters:    Size  Location     Type
		None
 Auto vars:     Size  Location     Type
		None
 Return value:  Size  Location     Type
                  1    wreg      unsigned char 
 Registers used:
		wreg, status,2
 Tracked objects:
		On entry : 
		On exit  : 
		Unchanged: 
 Data sizes:     COMRAM   BANK0   BANK1   BANK2   BANK3   BANK4   BANK5   BANK6   BANK7   BANK8   BANK9  BANK10  BANK11  BANK12  BANK13  BANK14
      Params:         0       0       0       0       0       0       0       0       0       0       0       0       0       0       0       0
      Locals:         0       0       0       0       0       0       0       0       0       0       0       0       0       0       0       0
      Temps:          0       0       0       0       0       0       0       0       0       0       0       0       0       0       0       0
      Totals:         0       0       0       0       0       0       0       0       0       0       0       0       0       0       0       0
Total ram usage:        0 bytes
 Hardware stack levels used:    1
 This function calls:
		Nothing
 This function is called by:
		_main
 This function uses a non-reentrant model



MODULE INFORMATION

Module		Function		Class		Link	Load	Size
C:\Program Files\Microchip\xc8\v1.34\sources\common\lbmod.c
		___lbmod       		CODE           	1094	0000	39

C:\Program Files\Microchip\xc8\v1.34\sources\common\lbmod.c estimated size: 39

shared
		__initializatio		CODE           	10BA	0000	25

shared estimated size: 25

main.c
		_UART_init     		CODE           	0A32	0000	23
		_main          		CODE           	0F08	0000	143
		_UART_getchar  		CODE           	10DC	0000	25
		_write_flash   		CODE           	0F96	0000	93
		_UART_putchar  		CODE           	0A0E	0000	17
		_send_boot_vers		CODE           	0FF2	0000	77
		_bootloader_sta		CODE           	0A48	0000	1209
		_jump_to_app   		CODE           	10F4	0000	11
		_UART_wait_for_		CODE           	0A1E	0000	21
		_clear_buffer  		CODE           	106C	0000	41
		_erase_flash   		CODE           	103E	0000	47

main.c estimated size: 1707

